// Jest Snapshot v1, https://goo.gl/fbAQLP

exports[`button ui Button renders correctly 1`] = `
<button>
  <ZipIcon />
  <div>
    cвязь
  </div>
</button>
`;
